// Jest Snapshot v1, https://goo.gl/fbAQLP

exports[`CharacterDetails component renders the component 1`] = `
<div
  class="sc-bdfBwQ bqIkDZ flex flex-wrap justify-center "
  data-testid="container"
>
  <button
    class="sc-eCssSg cgjOyw mt-5"
    data-testid="movie-card"
  >
    &lt; 
     Back
  </button>
  <div
    class="w-full text-center px-5 mb-5"
  >
    <h1
      class="sc-gsTCUz ipzQyr text-4xl"
    />
    <div
      class="flex mb-5 justify-center"
    >
      <div
        class="text-center text-lg px-5"
      >
        <h1
          class="sc-gsTCUz ipzQyr text-3xl"
        >
          Character Details
        </h1>
        <div>
          Name: 
        </div>
        <div>
          Height: 
        </div>
        <div>
          Mass: 
        </div>
        <div>
          Gender: 
        </div>
        <div>
          Skin Color: 
        </div>
        <div>
          Hair Color: 
        </div>
      </div>
    </div>
  </div>
</div>
`;
